Microchip MPLAB XC8 Compiler V2.41

Linker command line:

-W-3 \
  --edf=C:\Program Files\Microchip\xc8\v2.41\pic\dat\20230208172133_en.msgs \
  -cn \
  -h+dist/default/production\Seven_Segment_Second_Project.production.sym \
  --cmf=dist/default/production\Seven_Segment_Second_Project.production.cmf \
  -z -Q18F4620 \
  -oC:\Users\MOHAME~1.MOH\AppData\Local\Temp\xcAs5ak.\driver_tmp_3.o \
  --defsym=__MPLAB_BUILD=1 --fixupoverflow=error \
  -Mdist/default/production/Seven_Segment_Second_Project.production.map \
  --md=C:\Users\MOHAME~1.MOH\AppData\Local\Temp\xcAs5ak.\driver_tmp_0.dat \
  -E1 -ver=XC8 Compiler --acfsm=1493 -ACODE=00h-0FFFFh -ACONST=00h-0FFFFh \
  -ASMALLCONST=01000h-010FFhx240 -AMEDIUMCONST=01000h-0FFFFh \
  -ACOMRAM=01h-07Fh -AABS1=00h-0F7Fh -ABIGRAM=01h-0F7Fh \
  -ARAM=080h-0FFh,0100h-01FFhx14,0F00h-0F7Fh -ABANK0=080h-0FFh \
  -ABANK1=0100h-01FFh -ABANK2=0200h-02FFh -ABANK3=0300h-03FFh \
  -ABANK4=0400h-04FFh -ABANK5=0500h-05FFh -ABANK6=0600h-06FFh \
  -ABANK7=0700h-07FFh -ABANK8=0800h-08FFh -ABANK9=0900h-09FFh \
  -ABANK10=0A00h-0AFFh -ABANK11=0B00h-0BFFh -ABANK12=0C00h-0CFFh \
  -ABANK13=0D00h-0DFFh -ABANK14=0E00h-0EFFh -ABANK15=0F00h-0F7Fh \
  -ASFR=0F80h-0FFFh -ABIGSFR=0F80h-0FFFh -ACONFIG=0300000h-030000Dh \
  -AIDLOC=0200000h-0200007h -AEEDATA=0F00000h-0F003FFh -peeprom_data=EEDATA \
  -preset_vec=00h,intcode=08h,intcodelo,powerup,init -pramtop=01000h \
  -psmallconst=SMALLCONST -pmediumconst=MEDIUMCONST -pconst=CONST \
  -AFARRAM=00h-00h \
  -prdata=COMRAM,nvrram=COMRAM,nvbit=COMRAM,rbss=COMRAM,rbit=COMRAM \
  -pfarbss=FARRAM,fardata=FARRAM,nvFARRAM=FARRAM \
  -pintsave_regs=BIGRAM,bigbss=BIGRAM,bigdata=BIGRAM -pbss=RAM \
  -pidata=CODE,irdata=CODE,ibigdata=CODE,ifardata=CODE -prparam=COMRAM \
  C:\Users\MOHAME~1.MOH\AppData\Local\Temp\xcAs5ak.\driver_tmp_9.o \
  dist/default/production\Seven_Segment_Second_Project.production.o 

Object code version is 3.11

Machine type is 18F4620



                Name                               Link     Load   Length Selector   Space Scale
C:\Users\MOHAME~1.MOH\AppData\Local\Temp\xcAs5ak.\driver_tmp_9.o
                idloc                            200000   200000        8        0       5
                config                           300000   300000        E        0       4
                init                                  E        E        4        4       0
                reset_vec                             0        0        4        0       0
dist/default/production\Seven_Segment_Second_Project.production.o
                intcode                               8        8        6        4       0
                idloc                            200000   200000        8        0       5
                config                           300000   300000        E        0       4
                temp                                 7E       7E        1        1       1
                smallconst                         1000     1000       16      800       0
                text27                             1B86     1B86        4      80B       0
                text26                             1B82     1B82        4      80B       0
                text25                             1B7E     1B7E        4      80B       0
                text24                             1B7A     1B7A        4      80B       0
                text23                             1B76     1B76        4      80B       0
                text22                             1B72     1B72        4      80B       0
                text21                             1B6E     1B6E        4      80B       0
                text20                             1B6A     1B6A        4      80B       0
                text19                             1B0C     1B0C       1A      80B       0
                text18                             1AF2     1AF2       1A      80B       0
                text17                             1AD8     1AD8       1A      80B       0
                text16                             1ABE     1ABE       1A      80B       0
                text15                             1B52     1B52        C      80B       0
                text14                             1B46     1B46        C      80B       0
                text13                             1B5E     1B5E        8      80B       0
                text12                             1B3A     1B3A        C      80B       0
                text11                             1B8A     1B8A        2      80B       0
                text10                             1B66     1B66        4      80B       0
                intcode_body                       1016     1016      3E6      80B       0
                text8                              1738     1738       C4      80B       0
                text7                              17FC     17FC       B0      80B       0
                text6                              13FC     13FC      144      80B       0
                text5                              1540     1540      12C      80B       0
                text4                              1940     1940       6C      80B       0
                text3                              1A10     1A10       62      80B       0
                text2                              1A98     1A98       26      80B       0
                text1                              18AC     18AC       94      80B       0
                text0                              166C     166C       CC      80B       0
                cstackCOMRAM                         69       69       14        1       1
                dataBANK0                            80       80       14       80       1
                bssBANK0                             94       94        6       80       1
                dataCOMRAM                           43       43       26        1       1
                bssCOMRAM                             1        1       42        1       1
                cinit                              19AC     19AC       64      80B       0
                nvCOMRAM                             7D       7D        1        1       1
                idataBANK0                         1B26     1B26       14      80B       0
                idataCOMRAM                        1A72     1A72       26      80B       0

TOTAL           Name                               Link     Load   Length     Space
        CLASS   CODE           
                intcode                               8        8        6         0
                init                                  E        E        4         0
                reset_vec                             0        0        4         0
                text27                             1B86     1B86        4         0
                text26                             1B82     1B82        4         0
                text25                             1B7E     1B7E        4         0
                text24                             1B7A     1B7A        4         0
                text23                             1B76     1B76        4         0
                text22                             1B72     1B72        4         0
                text21                             1B6E     1B6E        4         0
                text20                             1B6A     1B6A        4         0
                text19                             1B0C     1B0C       1A         0
                text18                             1AF2     1AF2       1A         0
                text17                             1AD8     1AD8       1A         0
                text16                             1ABE     1ABE       1A         0
                text15                             1B52     1B52        C         0
                text14                             1B46     1B46        C         0
                text13                             1B5E     1B5E        8         0
                text12                             1B3A     1B3A        C         0
                text11                             1B8A     1B8A        2         0
                text10                             1B66     1B66        4         0
                intcode_body                       1016     1016      3E6         0
                text8                              1738     1738       C4         0
                text7                              17FC     17FC       B0         0
                text6                              13FC     13FC      144         0
                text5                              1540     1540      12C         0
                text4                              1940     1940       6C         0
                text3                              1A10     1A10       62         0
                text2                              1A98     1A98       26         0
                text1                              18AC     18AC       94         0
                text0                              166C     166C       CC         0
                cinit                              19AC     19AC       64         0
                idataBANK0                         1B26     1B26       14         0
                idataCOMRAM                        1A72     1A72       26         0

        CLASS   CONST          

        CLASS   SMALLCONST     
                smallconst                         1000     1000       16         0

        CLASS   MEDIUMCONST    

        CLASS   COMRAM         
                temp                                 7E       7E        1         1
                cstackCOMRAM                         69       69       14         1
                dataCOMRAM                           43       43       26         1
                bssCOMRAM                             1        1       42         1
                nvCOMRAM                             7D       7D        1         1

        CLASS   ABS1           

        CLASS   BIGRAM         

        CLASS   RAM            

        CLASS   BANK0          
                dataBANK0                            80       80       14         1
                bssBANK0                             94       94        6         1

        CLASS   BANK1          

        CLASS   BANK2          

        CLASS   BANK3          

        CLASS   BANK4          

        CLASS   BANK5          

        CLASS   BANK6          

        CLASS   BANK7          

        CLASS   BANK8          

        CLASS   BANK9          

        CLASS   BANK10         

        CLASS   BANK11         

        CLASS   BANK12         

        CLASS   BANK13         

        CLASS   BANK14         

        CLASS   BANK15         

        CLASS   SFR            

        CLASS   BIGSFR         

        CLASS   CONFIG         
                config                           300000   300000        E         4

        CLASS   IDLOC          
                idloc                            200000   200000        8         5

        CLASS   EEDATA         

        CLASS   FARRAM         

        CLASS   HEAP           

        CLASS   STACK          



SEGMENTS        Name                           Load    Length   Top    Selector   Space  Class

                reset_vec                      000000  000004  000004         0       0  CODE    
                bssCOMRAM                      000001  00007E  00007F         1       1  COMRAM  
                intcode                        000008  00000A  000012         4       0  CODE    
                dataBANK0                      000080  00001A  00009A        80       1  BANK0   
                smallconst                     001000  000016  001016       800       0  SMALLCON
                intcode_body                   001016  000B76  001B8C       80B       0  CODE    


UNUSED ADDRESS RANGES

        Name                Unused          Largest block    Delta
        BANK0            00009A-0000FF               66
        BANK1            000100-0001FF              100
        BANK10           000A00-000AFF              100
        BANK11           000B00-000BFF              100
        BANK12           000C00-000CFF              100
        BANK13           000D00-000DFF              100
        BANK14           000E00-000EFF              100
        BANK15           000F00-000F7F               80
        BANK2            000200-0002FF              100
        BANK3            000300-0003FF              100
        BANK4            000400-0004FF              100
        BANK5            000500-0005FF              100
        BANK6            000600-0006FF              100
        BANK7            000700-0007FF              100
        BANK8            000800-0008FF              100
        BANK9            000900-0009FF              100
        BIGRAM           00007F-00007F                1
                         00009A-000F7F              EE6
        BIGSFR           000F80-000FFF               80
        CODE             000004-000007                4
                         000012-000FFF              FEE
                         001B8C-00FFFF             E474
        COMRAM           00007F-00007F                1
        CONST            000004-000007                4
                         000012-000FFF              FEE
                         001B8C-00FFFF             E474
        EEDATA           F00000-F003FF              400
        MEDIUMCONST      001B8C-00FFFF             E474
        RAM              00009A-000F7F              100
        SFR              000F80-000FFF               80
        SMALLCONST       001B8C-00FFFF              100

                                  Symbol Table

?___awdiv                                          cstackCOMRAM 00006A
?___awmod                                          cstackCOMRAM 00006A
CCP_Set_Compare_Mode_Value@F3106                   bssCOMRAM    000033
RB4_ISR@RB4_Source                                 cstackCOMRAM 000069
RB5_ISR@RB5_Source                                 cstackCOMRAM 000069
RB6_ISR@RB6_Source                                 cstackCOMRAM 000069
RB7_ISR@RB7_Source                                 cstackCOMRAM 000069
_ADCON0bits                                        (abs)        000FC2
_ADCON1bits                                        (abs)        000FC1
_ADCON2bits                                        (abs)        000FC0
_ADC_ISR                                           text27       001B86
_ADC_InterruptHandler                              bssCOMRAM    000039
_ADRESH                                            (abs)        000FC4
_ADRESL                                            (abs)        000FC3
_BAUDCONbits                                       (abs)        000FB8
_CCP1CONbits                                       (abs)        000FBD
_CCP1_ISR                                          text26       001B82
_CCP1_InterruptHandler                             bssCOMRAM    000037
_CCP2CONbits                                       (abs)        000FBA
_CCP2_ISR                                          text25       001B7E
_CCP2_InterruptHandler                             bssCOMRAM    000035
_CCPR1H                                            (abs)        000FBF
_CCPR1L                                            (abs)        000FBE
_CCPR2H                                            (abs)        000FBC
_CCPR2L                                            (abs)        000FBB
_EEADR                                             (abs)        000FA9
_EEADRH                                            (abs)        000FAA
_EECON1bits                                        (abs)        000FA6
_EECON2                                            (abs)        000FA7
_EEDATA                                            (abs)        000FA8
_INT0_ISR                                          text24       001B7A
_INT0_InterruptHandler                             bssCOMRAM    00002B
_INT1_ISR                                          text23       001B76
_INT1_InterruptHandler                             bssCOMRAM    000029
_INT2_ISR                                          text22       001B72
_INT2_InterruptHandler                             bssCOMRAM    000027
_INTCON2bits                                       (abs)        000FF1
_INTCON3bits                                       (abs)        000FF0
_INTCONbits                                        (abs)        000FF2
_InterruptManager                                  intcode      000008
_LATA                                              (abs)        000F89
_LATB                                              (abs)        000F8A
_LATC                                              (abs)        000F8B
_LATD                                              (abs)        000F8C
_LATE                                              (abs)        000F8D
_MSSP_I2C_BC_ISR                                   text21       001B6E
_MSSP_I2C_DefaultInterruptHandler                  bssCOMRAM    000031
_MSSP_I2C_ISR                                      text20       001B6A
_MSSP_I2C_Report_Receive_Overflow_InterruptHandler bssCOMRAM    00002D
_MSSP_I2C_Report_Write_Collision_InterruptHandler  bssCOMRAM    00002F
_PIE1bits                                          (abs)        000F9D
_PIE2bits                                          (abs)        000FA0
_PIR1bits                                          (abs)        000F9E
_PIR2bits                                          (abs)        000FA1
_PORTA                                             (abs)        000F80
_PORTB                                             (abs)        000F81
_PORTBbits                                         (abs)        000F81
_PORTC                                             (abs)        000F82
_PORTD                                             (abs)        000F83
_PORTE                                             (abs)        000F84
_RB4_Flag                                          dataCOMRAM   00005B
_RB4_ISR                                           text19       001B0C
_RB4_InterruptHandler_HIGH                         bssCOMRAM    000025
_RB4_InterruptHandler_LOW                          bssCOMRAM    000023
_RB5_Flag                                          dataCOMRAM   00005A
_RB5_ISR                                           text18       001AF2
_RB5_InterruptHandler_HIGH                         bssCOMRAM    000021
_RB5_InterruptHandler_LOW                          bssCOMRAM    00001F
_RB6_Flag                                          dataCOMRAM   000059
_RB6_ISR                                           text17       001AD8
_RB6_InterruptHandler_HIGH                         bssCOMRAM    00001D
_RB6_InterruptHandler_LOW                          bssCOMRAM    00001B
_RB7_Flag                                          dataCOMRAM   000058
_RB7_ISR                                           text16       001ABE
_RB7_InterruptHandler_HIGH                         bssCOMRAM    000019
_RB7_InterruptHandler_LOW                          bssCOMRAM    000017
_RCREG                                             (abs)        000FAE
_RCSTAbits                                         (abs)        000FAB
_SPBRG                                             (abs)        000FAF
_SPBRGH                                            (abs)        000FB0
_SSPADD                                            (abs)        000FC8
_SSPBUF                                            (abs)        000FC9
_SSPCON1bits                                       (abs)        000FC6
_SSPCON2bits                                       (abs)        000FC5
_SSPSTATbits                                       (abs)        000FC7
_T0CONbits                                         (abs)        000FD5
_T1CONbits                                         (abs)        000FCD
_T2CONbits                                         (abs)        000FCA
_T3CONbits                                         (abs)        000FB1
_TMR0H                                             (abs)        000FD7
_TMR0L                                             (abs)        000FD6
_TMR0_ISR                                          text15       001B52
_TMR0_InterruptHandler                             bssCOMRAM    000013
_TMR1H                                             (abs)        000FCF
_TMR1L                                             (abs)        000FCE
_TMR1_ISR                                          text14       001B46
_TMR1_InterruptHandler                             bssCOMRAM    00000F
_TMR2                                              (abs)        000FCC
_TMR2_ISR                                          text13       001B5E
_TMR2_InterruptHandler                             bssCOMRAM    00000D
_TMR3H                                             (abs)        000FB3
_TMR3L                                             (abs)        000FB2
_TMR3_ISR                                          text12       001B3A
_TMR3_InterruptHandler                             bssCOMRAM    000009
_TRISA                                             (abs)        000F92
_TRISB                                             (abs)        000F93
_TRISC                                             (abs)        000F94
_TRISCbits                                         (abs)        000F94
_TRISD                                             (abs)        000F95
_TRISE                                             (abs)        000F96
_TXREG                                             (abs)        000FAD
_TXSTAbits                                         (abs)        000FAC
_USART_FramingErrorHandler                         bssCOMRAM    000003
_USART_OverrunErrorHandler                         bssCOMRAM    000001
_USART_RX_ISR                                      text11       001B8A
_USART_RxDefaultInterruptHandler                   bssCOMRAM    000005
_USART_TX_ISR                                      text10       001B66
_USART_TxDefaultInterruptHandler                   bssCOMRAM    000007
__HRAM                                             (abs)        000000
__H__absolute__                                    __absolute__ 000000
__Habs1                                            abs1         000000
__Hbank0                                           bank0        000000
__Hbank1                                           bank1        000000
__Hbank10                                          bank10       000000
__Hbank11                                          bank11       000000
__Hbank12                                          bank12       000000
__Hbank13                                          bank13       000000
__Hbank14                                          bank14       000000
__Hbank15                                          bank15       000000
__Hbank2                                           bank2        000000
__Hbank3                                           bank3        000000
__Hbank4                                           bank4        000000
__Hbank5                                           bank5        000000
__Hbank6                                           bank6        000000
__Hbank7                                           bank7        000000
__Hbank8                                           bank8        000000
__Hbank9                                           bank9        000000
__Hbigbss                                          bigbss       000000
__Hbigdata                                         bigdata      000000
__Hbigram                                          bigram       000000
__Hbigsfr                                          bigsfr       000000
__Hbss                                             bss          000000
__HbssBANK0                                        bssBANK0     000000
__HbssCOMRAM                                       bssCOMRAM    000000
__Hcinit                                           cinit        000000
__Hclrtext                                         clrtext      000000
__Hcomram                                          comram       000000
__Hconfig                                          config       30000E
__Hconst                                           const        000000
__HcstackCOMRAM                                    cstackCOMRAM 000000
__Hdata                                            data         000000
__HdataBANK0                                       dataBANK0    000000
__HdataCOMRAM                                      dataCOMRAM   000000
__Heeprom_data                                     eeprom_data  000000
__Hfarbss                                          farbss       000000
__Hfardata                                         fardata      000000
__Hheap                                            heap         000000
__Hibigdata                                        ibigdata     000000
__Hidata                                           idata        000000
__HidataBANK0                                      idataBANK0   000000
__HidataCOMRAM                                     idataCOMRAM  000000
__Hidloc                                           idloc        200008
__Hifardata                                        ifardata     000000
__Hinit                                            init         000012
__Hintcode                                         intcode      00000E
__Hintcode_body                                    intcode_body 000000
__Hintcodelo                                       intcodelo    00000E
__Hintentry                                        intentry     000000
__Hintret                                          intret       000000
__Hintsave_regs                                    intsave_regs 000000
__Hirdata                                          irdata       000000
__Hmediumconst                                     mediumconst  000000
__HnvCOMRAM                                        nvCOMRAM     000000
__HnvFARRAM                                        nvFARRAM     000000
__Hnvbit                                           nvbit        000000
__Hnvrram                                          nvrram       000000
__Hparam                                           rparam       000000
__Hpowerup                                         powerup      00000E
__Hram                                             ram          000000
__Hramtop                                          ramtop       001000
__Hrbit                                            rbit         000000
__Hrbss                                            rbss         000000
__Hrdata                                           rdata        000000
__Hreset_vec                                       reset_vec    000004
__Hrparam                                          rparam       000000
__Hsfr                                             sfr          000000
__Hsmallconst                                      smallconst   001016
__Hspace_0                                         (abs)        001B8C
__Hspace_1                                         (abs)        00009A
__Hspace_2                                         (abs)        000000
__Hspace_4                                         (abs)        60000E
__Hstack                                           stack        000000
__Hstruct                                          struct       000000
__Htemp                                            temp         00007F
__Htext                                            text         000000
__Htext0                                           text0        000000
__Htext1                                           text1        000000
__Htext10                                          text10       000000
__Htext11                                          text11       000000
__Htext12                                          text12       000000
__Htext13                                          text13       000000
__Htext14                                          text14       000000
__Htext15                                          text15       000000
__Htext16                                          text16       000000
__Htext17                                          text17       000000
__Htext18                                          text18       000000
__Htext19                                          text19       000000
__Htext2                                           text2        000000
__Htext20                                          text20       000000
__Htext21                                          text21       000000
__Htext22                                          text22       000000
__Htext23                                          text23       000000
__Htext24                                          text24       000000
__Htext25                                          text25       000000
__Htext26                                          text26       000000
__Htext27                                          text27       000000
__Htext3                                           text3        000000
__Htext4                                           text4        000000
__Htext5                                           text5        000000
__Htext6                                           text6        000000
__Htext7                                           text7        000000
__Htext8                                           text8        000000
__LRAM                                             (abs)        000001
__L__absolute__                                    __absolute__ 000000
__Labs1                                            abs1         000000
__Lbank0                                           bank0        000000
__Lbank1                                           bank1        000000
__Lbank10                                          bank10       000000
__Lbank11                                          bank11       000000
__Lbank12                                          bank12       000000
__Lbank13                                          bank13       000000
__Lbank14                                          bank14       000000
__Lbank15                                          bank15       000000
__Lbank2                                           bank2        000000
__Lbank3                                           bank3        000000
__Lbank4                                           bank4        000000
__Lbank5                                           bank5        000000
__Lbank6                                           bank6        000000
__Lbank7                                           bank7        000000
__Lbank8                                           bank8        000000
__Lbank9                                           bank9        000000
__Lbigbss                                          bigbss       000000
__Lbigdata                                         bigdata      000000
__Lbigram                                          bigram       000000
__Lbigsfr                                          bigsfr       000000
__Lbss                                             bss          000000
__LbssBANK0                                        bssBANK0     000000
__LbssCOMRAM                                       bssCOMRAM    000000
__Lcinit                                           cinit        000000
__Lclrtext                                         clrtext      000000
__Lcomram                                          comram       000000
__Lconfig                                          config       000000
__Lconst                                           const        000000
__LcstackCOMRAM                                    cstackCOMRAM 000000
__Ldata                                            data         000000
__LdataBANK0                                       dataBANK0    000000
__LdataCOMRAM                                      dataCOMRAM   000000
__Leeprom_data                                     eeprom_data  000000
__Lfarbss                                          farbss       000000
__Lfardata                                         fardata      000000
__Lheap                                            heap         000000
__Libigdata                                        ibigdata     000000
__Lidata                                           idata        000000
__LidataBANK0                                      idataBANK0   000000
__LidataCOMRAM                                     idataCOMRAM  000000
__Lidloc                                           idloc        000000
__Lifardata                                        ifardata     000000
__Linit                                            init         00000E
__Lintcode                                         intcode      000008
__Lintcode_body                                    intcode_body 000000
__Lintcodelo                                       intcodelo    00000E
__Lintentry                                        intentry     000000
__Lintret                                          intret       000000
__Lintsave_regs                                    intsave_regs 000000
__Lirdata                                          irdata       000000
__Lmediumconst                                     mediumconst  000000
__LnvCOMRAM                                        nvCOMRAM     000000
__LnvFARRAM                                        nvFARRAM     000000
__Lnvbit                                           nvbit        000000
__Lnvrram                                          nvrram       000000
__Lparam                                           rparam       000000
__Lpowerup                                         powerup      00000E
__Lram                                             ram          000000
__Lramtop                                          ramtop       001000
__Lrbit                                            rbit         000000
__Lrbss                                            rbss         000000
__Lrdata                                           rdata        000000
__Lreset_vec                                       reset_vec    000000
__Lrparam                                          rparam       000000
__Lsfr                                             sfr          000000
__Lsmallconst                                      smallconst   001000
__Lspace_0                                         (abs)        000000
__Lspace_1                                         (abs)        000000
__Lspace_2                                         (abs)        000000
__Lspace_4                                         (abs)        000000
__Lstack                                           stack        000000
__Lstruct                                          struct       000000
__Ltemp                                            temp         00007E
__Ltext                                            text         000000
__Ltext0                                           text0        000000
__Ltext1                                           text1        000000
__Ltext10                                          text10       000000
__Ltext11                                          text11       000000
__Ltext12                                          text12       000000
__Ltext13                                          text13       000000
__Ltext14                                          text14       000000
__Ltext15                                          text15       000000
__Ltext16                                          text16       000000
__Ltext17                                          text17       000000
__Ltext18                                          text18       000000
__Ltext19                                          text19       000000
__Ltext2                                           text2        000000
__Ltext20                                          text20       000000
__Ltext21                                          text21       000000
__Ltext22                                          text22       000000
__Ltext23                                          text23       000000
__Ltext24                                          text24       000000
__Ltext25                                          text25       000000
__Ltext26                                          text26       000000
__Ltext27                                          text27       000000
__Ltext3                                           text3        000000
__Ltext4                                           text4        000000
__Ltext5                                           text5        000000
__Ltext6                                           text6        000000
__Ltext7                                           text7        000000
__Ltext8                                           text8        000000
__S0                                               (abs)        001B8C
__S1                                               (abs)        00009A
__S4                                               (abs)        000000
__S5                                               (abs)        000000
___awdiv                                           text8        001738
___awdiv@counter                                   cstackCOMRAM 00006E
___awdiv@dividend                                  cstackCOMRAM 00006A
___awdiv@divisor                                   cstackCOMRAM 00006C
___awdiv@quotient                                  cstackCOMRAM 000070
___awdiv@sign                                      cstackCOMRAM 00006F
___awmod                                           text7        0017FC
___awmod@counter                                   cstackCOMRAM 00006E
___awmod@dividend                                  cstackCOMRAM 00006A
___awmod@divisor                                   cstackCOMRAM 00006C
___awmod@sign                                      cstackCOMRAM 00006F
___heap_hi                                         (abs)        000000
___heap_lo                                         (abs)        000000
___inthi_sp                                        stack        000000
___intlo_sp                                        stack        000000
___param_bank                                      (abs)        000000
___rparam_used                                     (abs)        000001
___sp                                              stack        000000
__accesstop                                        (abs)        000080
__activetblptr                                     (abs)        000003
__end_of_ADC_ISR                                   text27       001B8A
__end_of_CCP1_ISR                                  text26       001B86
__end_of_CCP2_ISR                                  text25       001B82
__end_of_INT0_ISR                                  text24       001B7E
__end_of_INT1_ISR                                  text23       001B7A
__end_of_INT2_ISR                                  text22       001B76
__end_of_InterruptManager                          intcode_body 0013FC
__end_of_MSSP_I2C_BC_ISR                           text21       001B72
__end_of_MSSP_I2C_ISR                              text20       001B6E
__end_of_RB4_ISR                                   text19       001B26
__end_of_RB5_ISR                                   text18       001B0C
__end_of_RB6_ISR                                   text17       001AF2
__end_of_RB7_ISR                                   text16       001AD8
__end_of_TMR0_ISR                                  text15       001B5E
__end_of_TMR1_ISR                                  text14       001B52
__end_of_TMR2_ISR                                  text13       001B66
__end_of_TMR3_ISR                                  text12       001B46
__end_of_USART_RX_ISR                              text11       001B8C
__end_of_USART_TX_ISR                              text10       001B6A
__end_of___awdiv                                   text8        0017FC
__end_of___awmod                                   text7        0018AC
__end_of__initialization                           cinit        001A06
__end_of_application_intialize                     text2        001ABE
__end_of_btn_values                                smallconst   001011
__end_of_gpio_pin_direction_intialize              text6        001540
__end_of_gpio_pin_intialize                        text4        0019AC
__end_of_gpio_pin_write_logic                      text5        00166C
__end_of_main                                      text0        001738
__end_of_seven_segment_initialize                  text3        001A72
__end_of_seven_segment_write_number                text1        001940
__initialization                                   cinit        0019AC
__mediumconst                                      mediumconst  000000
__pbssBANK0                                        bssBANK0     000094
__pbssCOMRAM                                       bssCOMRAM    000001
__pcinit                                           cinit        0019AC
__pcstackCOMRAM                                    cstackCOMRAM 000069
__pdataBANK0                                       dataBANK0    000080
__pdataCOMRAM                                      dataCOMRAM   000043
__pidataBANK0                                      idataBANK0   001B26
__pidataCOMRAM                                     idataCOMRAM  001A72
__pintcode                                         intcode      000008
__pintcode_body                                    intcode_body 001016
__pnvCOMRAM                                        nvCOMRAM     00007D
__psmallconst                                      smallconst   001000
__ptext0                                           text0        00166C
__ptext1                                           text1        0018AC
__ptext10                                          text10       001B66
__ptext11                                          text11       001B8A
__ptext12                                          text12       001B3A
__ptext13                                          text13       001B5E
__ptext14                                          text14       001B46
__ptext15                                          text15       001B52
__ptext16                                          text16       001ABE
__ptext17                                          text17       001AD8
__ptext18                                          text18       001AF2
__ptext19                                          text19       001B0C
__ptext2                                           text2        001A98
__ptext20                                          text20       001B6A
__ptext21                                          text21       001B6E
__ptext22                                          text22       001B72
__ptext23                                          text23       001B76
__ptext24                                          text24       001B7A
__ptext25                                          text25       001B7E
__ptext26                                          text26       001B82
__ptext27                                          text27       001B86
__ptext3                                           text3        001A10
__ptext4                                           text4        001940
__ptext5                                           text5        001540
__ptext6                                           text6        0013FC
__ptext7                                           text7        0017FC
__ptext8                                           text8        001738
__ramtop                                           ramtop       001000
__smallconst                                       smallconst   001000
_application_intialize                             text2        001A98
_btn_values                                        smallconst   001001
_counter                                           nvCOMRAM     00007D
_gpio_pin_direction_intialize                      text6        0013FC
_gpio_pin_intialize                                text4        001940
_gpio_pin_write_logic                              text5        001540
_lat_registers                                     dataCOMRAM   000043
_lcd_1                                             dataCOMRAM   00005C
_lcd_2                                             dataBANK0    00008A
_main                                              text0        00166C
_number                                            dataCOMRAM   000057
_port_registers                                    dataBANK0    000080
_seg1                                              dataCOMRAM   000062
_seg1_enable                                       dataCOMRAM   000068
_seg2_enable                                       dataCOMRAM   000067
_seven_segment_initialize                          text3        001A10
_seven_segment_write_number                        text1        0018AC
_timer0_preload                                    bssCOMRAM    000015
_timer1_preload                                    bssCOMRAM    000011
_timer2_preload                                    bssCOMRAM    00003B
_timer3_preload                                    bssCOMRAM    00000B
_tris_registers                                    dataCOMRAM   00004D
btemp                                              temp         00007E
end_of_initialization                              cinit        001A06
gpio_pin_direction_intialize@_pin_config           cstackCOMRAM 00006A
gpio_pin_direction_intialize@ret                   cstackCOMRAM 000072
gpio_pin_intialize@_pin_config                     cstackCOMRAM 000074
gpio_pin_intialize@ret                             cstackCOMRAM 000077
gpio_pin_write_logic@_pin_config                   cstackCOMRAM 00006A
gpio_pin_write_logic@logic                         cstackCOMRAM 00006C
gpio_pin_write_logic@ret                           cstackCOMRAM 000073
int$flags                                          temp         00007E
int_func                                           intcode_body 001016
intlevel0                                          text         000000
intlevel1                                          text         000000
intlevel2                                          text         000000
intlevel3                                          text         000000
isa$std                                            (abs)        000001
isa$xinst                                          (abs)        000000
led_initialize@F3048                               bssCOMRAM    000042
led_turn_off@F3058                                 bssCOMRAM    000040
led_turn_on@F3053                                  bssCOMRAM    000041
led_turn_toggle@F3063                              bssCOMRAM    00003F
main@ret                                           cstackCOMRAM 00007C
relay_initialize@F3042                             bssCOMRAM    00003E
relay_turn_off@F3052                               bssCOMRAM    00003C
relay_turn_on@F3047                                bssCOMRAM    00003D
seven_segment_initialize@ret                       cstackCOMRAM 00007A
seven_segment_initialize@seg                       cstackCOMRAM 000078
seven_segment_write_number@number                  cstackCOMRAM 000076
seven_segment_write_number@ret                     cstackCOMRAM 000077
seven_segment_write_number@seg                     cstackCOMRAM 000074
stackhi                                            (abs)        000000
stacklo                                            (abs)        000000
start                                              init         00000E
start_initialization                               cinit        0019AC
ttemp5                                             temp         00007F
ttemp6                                             temp         000082
ttemp7                                             temp         000086
wtemp8                                             temp         00007F


MODULE INFORMATION

Module		Function		Class		Link	Load	Size
C:\Program Files\Microchip\xc8\v2.41\pic\sources\c99\common\awmod.c
		___awmod       		CODE           	17FC	0000	176

C:\Program Files\Microchip\xc8\v2.41\pic\sources\c99\common\awmod.c estimated size: 176

ECU_Layer/7_Segment/ecu_seven_segment.c
		_seven_segment_initialize		CODE           	1A10	0000	98
		_seven_segment_write_number		CODE           	18AC	0000	148

ECU_Layer/7_Segment/ecu_seven_segment.c estimated size: 246

C:\Program Files\Microchip\xc8\v2.41\pic\sources\c99\common\awdiv.c
		___awdiv       		CODE           	1738	0000	196

C:\Program Files\Microchip\xc8\v2.41\pic\sources\c99\common\awdiv.c estimated size: 196

MCAL_Layer/I2C/hal_i2c.c
		_MSSP_I2C_ISR  		CODE           	1B6A	0000	4
		_MSSP_I2C_BC_ISR		CODE           	1B6E	0000	4

MCAL_Layer/I2C/hal_i2c.c estimated size: 8

shared
		_btn_values    		SMALLCONST     	1001	0000	16
		__initialization		CODE           	19AC	0000	90

shared estimated size: 106

MCAL_Layer/Interrupt/mcal_external_interrupt.c
		_RB4_ISR       		CODE           	1B0C	0000	26
		_RB5_ISR       		CODE           	1AF2	0000	26
		_RB6_ISR       		CODE           	1AD8	0000	26
		_RB7_ISR       		CODE           	1ABE	0000	26
		_INT0_ISR      		CODE           	1B7A	0000	4
		_INT1_ISR      		CODE           	1B76	0000	4
		_INT2_ISR      		CODE           	1B72	0000	4

MCAL_Layer/Interrupt/mcal_external_interrupt.c estimated size: 116

MCAL_Layer/ADC/hal_adc.c
		_ADC_ISR       		CODE           	1B86	0000	4

MCAL_Layer/ADC/hal_adc.c estimated size: 4

MCAL_Layer/Interrupt/mcal_interrupt_manager.c
		_InterruptManager		CODE           	0008	0000	1004

MCAL_Layer/Interrupt/mcal_interrupt_manager.c estimated size: 1004

MCAL_Layer/GPIO/hal_gpio.c
		_gpio_pin_write_logic		CODE           	1540	0000	300
		_gpio_pin_intialize		CODE           	1940	0000	108
		_gpio_pin_direction_intialize		CODE           	13FC	0000	324

MCAL_Layer/GPIO/hal_gpio.c estimated size: 732

MCAL_Layer/USART/hal_usart.c
		_USART_RX_ISR  		CODE           	1B8A	0000	2
		_USART_TX_ISR  		CODE           	1B66	0000	4

MCAL_Layer/USART/hal_usart.c estimated size: 6

application.c
		_main          		CODE           	166C	0000	204
		_application_intialize		CODE           	1A98	0000	38

application.c estimated size: 242

MCAL_Layer/Timer3/hal_timer3.c
		_TMR3_ISR      		CODE           	1B3A	0000	12

MCAL_Layer/Timer3/hal_timer3.c estimated size: 12

MCAL_Layer/Timer2/hal_timer2.c
		_TMR2_ISR      		CODE           	1B5E	0000	8

MCAL_Layer/Timer2/hal_timer2.c estimated size: 8

MCAL_Layer/Timer1/hal_timer1.c
		_TMR1_ISR      		CODE           	1B46	0000	12

MCAL_Layer/Timer1/hal_timer1.c estimated size: 12

MCAL_Layer/Timer0/hal_timer0.c
		_TMR0_ISR      		CODE           	1B52	0000	12

MCAL_Layer/Timer0/hal_timer0.c estimated size: 12

MCAL_Layer/CCP/hal_ccp.c
		_CCP1_ISR      		CODE           	1B82	0000	4
		_CCP2_ISR      		CODE           	1B7E	0000	4

MCAL_Layer/CCP/hal_ccp.c estimated size: 8

